prisma/seed.ts(1,54): error TS2305: Module '"@prisma/client"' has no exported member 'CustomerLifecycle'.
prisma/seed.ts(217,17): error TS2353: Object literal may only specify known properties, and 'lifecycle' does not exist in type 'Without<CustomerCreateInput, CustomerUncheckedCreateInput> & CustomerUncheckedCreateInput'.
prisma/seed.ts(234,17): error TS2353: Object literal may only specify known properties, and 'lifecycle' does not exist in type 'Without<CustomerCreateInput, CustomerUncheckedCreateInput> & CustomerUncheckedCreateInput'.
prisma/seed.ts(251,17): error TS2353: Object literal may only specify known properties, and 'lifecycle' does not exist in type 'Without<CustomerCreateInput, CustomerUncheckedCreateInput> & CustomerUncheckedCreateInput'.
src/modules/raw-leads/raw-leads.controller.spec.ts(4,1): error TS2582: Cannot find name 'describe'. Do you need to install type definitions for a test runner? Try `npm i --save-dev @types/jest` or `npm i --save-dev @types/mocha`.
src/modules/raw-leads/raw-leads.controller.spec.ts(7,3): error TS2304: Cannot find name 'beforeEach'.
src/modules/raw-leads/raw-leads.controller.spec.ts(15,3): error TS2582: Cannot find name 'it'. Do you need to install type definitions for a test runner? Try `npm i --save-dev @types/jest` or `npm i --save-dev @types/mocha`.
src/modules/raw-leads/raw-leads.controller.spec.ts(16,5): error TS2304: Cannot find name 'expect'.
src/modules/raw-leads/raw-leads.service.spec.ts(4,1): error TS2582: Cannot find name 'describe'. Do you need to install type definitions for a test runner? Try `npm i --save-dev @types/jest` or `npm i --save-dev @types/mocha`.
src/modules/raw-leads/raw-leads.service.spec.ts(7,3): error TS2304: Cannot find name 'beforeEach'.
src/modules/raw-leads/raw-leads.service.spec.ts(15,3): error TS2582: Cannot find name 'it'. Do you need to install type definitions for a test runner? Try `npm i --save-dev @types/jest` or `npm i --save-dev @types/mocha`.
src/modules/raw-leads/raw-leads.service.spec.ts(16,5): error TS2304: Cannot find name 'expect'.
src/modules/scheduler/scheduler.controller.spec.ts(4,1): error TS2582: Cannot find name 'describe'. Do you need to install type definitions for a test runner? Try `npm i --save-dev @types/jest` or `npm i --save-dev @types/mocha`.
src/modules/scheduler/scheduler.controller.spec.ts(7,3): error TS2304: Cannot find name 'beforeEach'.
src/modules/scheduler/scheduler.controller.spec.ts(15,3): error TS2582: Cannot find name 'it'. Do you need to install type definitions for a test runner? Try `npm i --save-dev @types/jest` or `npm i --save-dev @types/mocha`.
src/modules/scheduler/scheduler.controller.spec.ts(16,5): error TS2304: Cannot find name 'expect'.
src/modules/scheduler/scheduler.service.spec.ts(4,1): error TS2582: Cannot find name 'describe'. Do you need to install type definitions for a test runner? Try `npm i --save-dev @types/jest` or `npm i --save-dev @types/mocha`.
src/modules/scheduler/scheduler.service.spec.ts(7,3): error TS2304: Cannot find name 'beforeEach'.
src/modules/scheduler/scheduler.service.spec.ts(15,3): error TS2582: Cannot find name 'it'. Do you need to install type definitions for a test runner? Try `npm i --save-dev @types/jest` or `npm i --save-dev @types/mocha`.
src/modules/scheduler/scheduler.service.spec.ts(16,5): error TS2304: Cannot find name 'expect'.
src/modules/transfer-requests/transfer-requests.controller.spec.ts(5,1): error TS2582: Cannot find name 'describe'. Do you need to install type definitions for a test runner? Try `npm i --save-dev @types/jest` or `npm i --save-dev @types/mocha`.
src/modules/transfer-requests/transfer-requests.controller.spec.ts(8,3): error TS2304: Cannot find name 'beforeEach'.
src/modules/transfer-requests/transfer-requests.controller.spec.ts(17,3): error TS2582: Cannot find name 'it'. Do you need to install type definitions for a test runner? Try `npm i --save-dev @types/jest` or `npm i --save-dev @types/mocha`.
src/modules/transfer-requests/transfer-requests.controller.spec.ts(18,5): error TS2304: Cannot find name 'expect'.
src/modules/transfer-requests/transfer-requests.service.spec.ts(4,1): error TS2582: Cannot find name 'describe'. Do you need to install type definitions for a test runner? Try `npm i --save-dev @types/jest` or `npm i --save-dev @types/mocha`.
src/modules/transfer-requests/transfer-requests.service.spec.ts(7,3): error TS2304: Cannot find name 'beforeEach'.
src/modules/transfer-requests/transfer-requests.service.spec.ts(15,3): error TS2582: Cannot find name 'it'. Do you need to install type definitions for a test runner? Try `npm i --save-dev @types/jest` or `npm i --save-dev @types/mocha`.
src/modules/transfer-requests/transfer-requests.service.spec.ts(16,5): error TS2304: Cannot find name 'expect'.
